#######  #######
#.....####.....#
#..u..|..|.....#
#.....####.....#
#######  ####/##
            #.#
            #.#
            #.#
            #.#
            #.#
            #.#
#############|################################################################################
#.................................................#..........................................#
#.................................................#..........................................#
#....................................é............#..........................................#
#....................................é............#..........................................#
#....................................é............#..........................................#
#.................................................#..........................................#
#............................................................................................#
#............................................................................................#
#............................................................................................#
#............................................................................................#
#..............................................................................é.............#
#............................................................................................#
#....................................é.......................................................#
#............................................................................................#
#............................................................................................#
#............................................................................................#
#............................................................................................#
#............................................................................................#
##############################################################################################
