ooooooooooooooooooooooooooooooooooooooooooooooooooooooooooooooooooooooooooooooooooooooooooooooooo
ooooooooooooooooooooooooooooooooooooooooooooooooooooooooooooooooooooooooooooooooooooooooooooooooo
ooooooooooooooooooooooooooooooooooooooooooooooooooooooooooooooooooooooooooooooooooooooooooooooooo
ooooooooooooooooooooooooooooooooooooooooooooooooooooooooooooooooooooooooooooooooooooooooooooooooo
ooooooooooooooooooooooooooooooo###########ooooooooooooooooooooooooooooooooooooooooooooooooooooooo
oooooooooo---------------------###########--------------------*************************oooooooooo
oooooooooo---------------------###########--------------------*************************oooooooooo
oooooooooo---------------------#####=#####--------------------*************************oooooooooo
oooooooooo----------------------------------------------------*************************oooooooooo
oooooooooo----------=-----------------------------------------*************************oooooooooo
oooooooooo----------------------------------------------------*************************oooooooooo
oooooooooo----------------------------------------------------*************************oooooooooo
oooooooooo###########################--#######################*************************oooooooooo
oooooooooo#=#************************--************************************************oooooooooo
oooooooooo#*#############************--************************************************oooooooooo
oooooooooo******#########-----=--------################################################oooooooooo
oooooooooo**####-----------------------------------------------------------------------oooooooooo
oooooooooo-----------------------------------------------------------------------------oooooooooo
oooooooooo---------------------------###-----------------------------------------------oooooooooo
oooooooooo---------------------------###-----------------------------------------------oooooooooo
oooooooooo---------------------------###-----------------------------------------------oooooooooo
oooooooooo---------------************###----=------------------------------------------oooooooooo
oooooooooo---------------************###-----------------------------------------------oooooooooo
oooooooooo---------------************###-----------------------------------------------oooooooooo
oooooooooo---------------************###-----------------------------------------------oooooooooo
oooooooooo---------------************###-----------------------------------------------oooooooooo
oooooooooo---------------************###--------------------------------------=--------oooooooooo
oooooooooo-----------------------------------------------------------------------------oooooooooo
oooooooooo-----------------------------------------------------------------------------oooooooooo
ooooooooooooooooooooooooooooooooooooooooooooooooooooooooooooooooooooooooooooooooooooooooooooooooo
ooooooooooooooooooooooooooooooooooooooooooooooooooooooooooooooooooooooooooooooooooooooooooooooooo
ooooooooooooooooooooooooooooooooooooooooooooooooooooooooooooooooooooooooooooooooooooooooooooooooo
ooooooooooooooooooooooooooooooooooooooooooooooooooooooooooooooooooooooooooooooooooooooooooooooooo
ooooooooooooooooooooooooooooooooooooooooooooooooooooooooooooooooooooooooooooooooooooooooooooooooo
